W0120 03:34:14.695000 1479993 site-packages/torch/distributed/run.py:793] 
W0120 03:34:14.695000 1479993 site-packages/torch/distributed/run.py:793] *****************************************
W0120 03:34:14.695000 1479993 site-packages/torch/distributed/run.py:793] Setting OMP_NUM_THREADS environment variable for each process to be 1 in default, to avoid your system being overloaded, please further tune the variable for optimal performance in your application as needed. 
W0120 03:34:14.695000 1479993 site-packages/torch/distributed/run.py:793] *****************************************
/home/tpadhi1/miniconda3/envs/llava/lib/python3.10/site-packages/transformers/utils/generic.py:482: FutureWarning: `torch.utils._pytree._register_pytree_node` is deprecated. Please use `torch.utils._pytree.register_pytree_node` instead.
  _torch_pytree._register_pytree_node(
/home/tpadhi1/miniconda3/envs/llava/lib/python3.10/site-packages/transformers/utils/generic.py:482: FutureWarning: `torch.utils._pytree._register_pytree_node` is deprecated. Please use `torch.utils._pytree.register_pytree_node` instead.
  _torch_pytree._register_pytree_node(
/home/tpadhi1/miniconda3/envs/llava/lib/python3.10/site-packages/transformers/utils/hub.py:128: FutureWarning: Using `TRANSFORMERS_CACHE` is deprecated and will be removed in v5 of Transformers. Use `HF_HOME` instead.
  warnings.warn(
/home/tpadhi1/miniconda3/envs/llava/lib/python3.10/site-packages/transformers/utils/hub.py:128: FutureWarning: Using `TRANSFORMERS_CACHE` is deprecated and will be removed in v5 of Transformers. Use `HF_HOME` instead.
  warnings.warn(
/home/tpadhi1/miniconda3/envs/llava/lib/python3.10/site-packages/transformers/utils/generic.py:482: FutureWarning: `torch.utils._pytree._register_pytree_node` is deprecated. Please use `torch.utils._pytree.register_pytree_node` instead.
  _torch_pytree._register_pytree_node(
/home/tpadhi1/miniconda3/envs/llava/lib/python3.10/site-packages/transformers/utils/hub.py:128: FutureWarning: Using `TRANSFORMERS_CACHE` is deprecated and will be removed in v5 of Transformers. Use `HF_HOME` instead.
  warnings.warn(
/home/tpadhi1/miniconda3/envs/llava/lib/python3.10/site-packages/transformers/utils/generic.py:482: FutureWarning: `torch.utils._pytree._register_pytree_node` is deprecated. Please use `torch.utils._pytree.register_pytree_node` instead.
  _torch_pytree._register_pytree_node(
/home/tpadhi1/miniconda3/envs/llava/lib/python3.10/site-packages/transformers/utils/hub.py:128: FutureWarning: Using `TRANSFORMERS_CACHE` is deprecated and will be removed in v5 of Transformers. Use `HF_HOME` instead.
  warnings.warn(
/home/tpadhi1/miniconda3/envs/llava/lib/python3.10/site-packages/transformers/utils/generic.py:339: FutureWarning: `torch.utils._pytree._register_pytree_node` is deprecated. Please use `torch.utils._pytree.register_pytree_node` instead.
  _torch_pytree._register_pytree_node(
/home/tpadhi1/miniconda3/envs/llava/lib/python3.10/site-packages/transformers/utils/generic.py:339: FutureWarning: `torch.utils._pytree._register_pytree_node` is deprecated. Please use `torch.utils._pytree.register_pytree_node` instead.
  _torch_pytree._register_pytree_node(
/home/tpadhi1/miniconda3/envs/llava/lib/python3.10/site-packages/transformers/utils/generic.py:339: FutureWarning: `torch.utils._pytree._register_pytree_node` is deprecated. Please use `torch.utils._pytree.register_pytree_node` instead.
  _torch_pytree._register_pytree_node(
/home/tpadhi1/miniconda3/envs/llava/lib/python3.10/site-packages/transformers/utils/generic.py:339: FutureWarning: `torch.utils._pytree._register_pytree_node` is deprecated. Please use `torch.utils._pytree.register_pytree_node` instead.
  _torch_pytree._register_pytree_node(
/home/tpadhi1/miniconda3/envs/llava/lib/python3.10/site-packages/transformers/utils/generic.py:339: FutureWarning: `torch.utils._pytree._register_pytree_node` is deprecated. Please use `torch.utils._pytree.register_pytree_node` instead.
  _torch_pytree._register_pytree_node(
/home/tpadhi1/miniconda3/envs/llava/lib/python3.10/site-packages/transformers/utils/generic.py:339: FutureWarning: `torch.utils._pytree._register_pytree_node` is deprecated. Please use `torch.utils._pytree.register_pytree_node` instead.
  _torch_pytree._register_pytree_node(
/home/tpadhi1/miniconda3/envs/llava/lib/python3.10/site-packages/transformers/utils/generic.py:339: FutureWarning: `torch.utils._pytree._register_pytree_node` is deprecated. Please use `torch.utils._pytree.register_pytree_node` instead.
  _torch_pytree._register_pytree_node(
/home/tpadhi1/miniconda3/envs/llava/lib/python3.10/site-packages/transformers/utils/generic.py:339: FutureWarning: `torch.utils._pytree._register_pytree_node` is deprecated. Please use `torch.utils._pytree.register_pytree_node` instead.
  _torch_pytree._register_pytree_node(
/home/tpadhi1/miniconda3/envs/llava/lib/python3.10/site-packages/transformers/utils/generic.py:339: FutureWarning: `torch.utils._pytree._register_pytree_node` is deprecated. Please use `torch.utils._pytree.register_pytree_node` instead.
  _torch_pytree._register_pytree_node(
/home/tpadhi1/miniconda3/envs/llava/lib/python3.10/site-packages/transformers/utils/generic.py:339: FutureWarning: `torch.utils._pytree._register_pytree_node` is deprecated. Please use `torch.utils._pytree.register_pytree_node` instead.
  _torch_pytree._register_pytree_node(
/home/tpadhi1/miniconda3/envs/llava/lib/python3.10/site-packages/transformers/utils/generic.py:339: FutureWarning: `torch.utils._pytree._register_pytree_node` is deprecated. Please use `torch.utils._pytree.register_pytree_node` instead.
  _torch_pytree._register_pytree_node(
/home/tpadhi1/miniconda3/envs/llava/lib/python3.10/site-packages/transformers/utils/generic.py:339: FutureWarning: `torch.utils._pytree._register_pytree_node` is deprecated. Please use `torch.utils._pytree.register_pytree_node` instead.
  _torch_pytree._register_pytree_node(
The token has not been saved to the git credentials helper. Pass `add_to_git_credential=True` in this function directly or `--add-to-git-credential` if using via `huggingface-cli` if you want to set the git credential as well.
Token is valid (permission: fineGrained).
Your token has been saved to /staging/users/tpadhi1/transformers_cache/hf_home/token
Login successful
The token has not been saved to the git credentials helper. Pass `add_to_git_credential=True` in this function directly or `--add-to-git-credential` if using via `huggingface-cli` if you want to set the git credential as well.
Token is valid (permission: fineGrained).
Your token has been saved to /staging/users/tpadhi1/transformers_cache/hf_home/token
Login successful
The token has not been saved to the git credentials helper. Pass `add_to_git_credential=True` in this function directly or `--add-to-git-credential` if using via `huggingface-cli` if you want to set the git credential as well.
The token has not been saved to the git credentials helper. Pass `add_to_git_credential=True` in this function directly or `--add-to-git-credential` if using via `huggingface-cli` if you want to set the git credential as well.
Token is valid (permission: fineGrained).
Your token has been saved to /staging/users/tpadhi1/transformers_cache/hf_home/token
Login successful
Token is valid (permission: fineGrained).
Your token has been saved to /staging/users/tpadhi1/transformers_cache/hf_home/token
Login successful
/home/tpadhi1/miniconda3/envs/llava/lib/python3.10/site-packages/transformers/utils/generic.py:339: FutureWarning: `torch.utils._pytree._register_pytree_node` is deprecated. Please use `torch.utils._pytree.register_pytree_node` instead.
  _torch_pytree._register_pytree_node(
/home/tpadhi1/miniconda3/envs/llava/lib/python3.10/site-packages/transformers/utils/generic.py:339: FutureWarning: `torch.utils._pytree._register_pytree_node` is deprecated. Please use `torch.utils._pytree.register_pytree_node` instead.
  _torch_pytree._register_pytree_node(
/home/tpadhi1/miniconda3/envs/llava/lib/python3.10/site-packages/transformers/utils/generic.py:339: FutureWarning: `torch.utils._pytree._register_pytree_node` is deprecated. Please use `torch.utils._pytree.register_pytree_node` instead.
  _torch_pytree._register_pytree_node(
/home/tpadhi1/miniconda3/envs/llava/lib/python3.10/site-packages/transformers/utils/generic.py:339: FutureWarning: `torch.utils._pytree._register_pytree_node` is deprecated. Please use `torch.utils._pytree.register_pytree_node` instead.
  _torch_pytree._register_pytree_node(
[rank2]: Traceback (most recent call last):
[rank2]:   File "/staging/users/tpadhi1/Multimodal-Uncertainty-Quantification/src2/main_grounding_biomedclip_med.py", line 117, in <module>
[rank2]:     main()
[rank2]:   File "/staging/users/tpadhi1/Multimodal-Uncertainty-Quantification/src2/main_grounding_biomedclip_med.py", line 110, in main
[rank2]:     grounding_inference_pipeline(config, rank, world_size)
[rank2]:   File "/staging/users/tpadhi1/Multimodal-Uncertainty-Quantification/src2/main_grounding_biomedclip_med.py", line 38, in grounding_inference_pipeline
[rank2]:     all_files = os.listdir(config['logging']['explanation_dir'])
[rank2]: FileNotFoundError: [Errno 2] No such file or directory: 'runs_slake/llava_med_slake/explanations'
[rank1]: Traceback (most recent call last):
[rank1]:   File "/staging/users/tpadhi1/Multimodal-Uncertainty-Quantification/src2/main_grounding_biomedclip_med.py", line 117, in <module>
[rank1]:     main()
[rank1]:   File "/staging/users/tpadhi1/Multimodal-Uncertainty-Quantification/src2/main_grounding_biomedclip_med.py", line 110, in main
[rank1]:     grounding_inference_pipeline(config, rank, world_size)
[rank1]:   File "/staging/users/tpadhi1/Multimodal-Uncertainty-Quantification/src2/main_grounding_biomedclip_med.py", line 38, in grounding_inference_pipeline
[rank1]:     all_files = os.listdir(config['logging']['explanation_dir'])
[rank1]: FileNotFoundError: [Errno 2] No such file or directory: 'runs_slake/llava_med_slake/explanations'
[rank3]: Traceback (most recent call last):
[rank3]:   File "/staging/users/tpadhi1/Multimodal-Uncertainty-Quantification/src2/main_grounding_biomedclip_med.py", line 117, in <module>
[rank3]:     main()
[rank3]:   File "/staging/users/tpadhi1/Multimodal-Uncertainty-Quantification/src2/main_grounding_biomedclip_med.py", line 110, in main
[rank3]:     grounding_inference_pipeline(config, rank, world_size)
[rank3]:   File "/staging/users/tpadhi1/Multimodal-Uncertainty-Quantification/src2/main_grounding_biomedclip_med.py", line 38, in grounding_inference_pipeline
[rank3]:     all_files = os.listdir(config['logging']['explanation_dir'])
[rank3]: FileNotFoundError: [Errno 2] No such file or directory: 'runs_slake/llava_med_slake/explanations'
[rank0]: Traceback (most recent call last):
[rank0]:   File "/staging/users/tpadhi1/Multimodal-Uncertainty-Quantification/src2/main_grounding_biomedclip_med.py", line 117, in <module>
[rank0]:     main()
[rank0]:   File "/staging/users/tpadhi1/Multimodal-Uncertainty-Quantification/src2/main_grounding_biomedclip_med.py", line 110, in main
[rank0]:     grounding_inference_pipeline(config, rank, world_size)
[rank0]:   File "/staging/users/tpadhi1/Multimodal-Uncertainty-Quantification/src2/main_grounding_biomedclip_med.py", line 38, in grounding_inference_pipeline
[rank0]:     all_files = os.listdir(config['logging']['explanation_dir'])
[rank0]: FileNotFoundError: [Errno 2] No such file or directory: 'runs_slake/llava_med_slake/explanations'
[rank0]:[W120 03:34:23.800349292 ProcessGroupNCCL.cpp:1250] Warning: WARNING: process group has NOT been destroyed before we destruct ProcessGroupNCCL. On normal program exit, the application should call destroy_process_group to ensure that any pending NCCL operations have finished in this process. In rare cases this process can exit before this point and block the progress of another member of the process group. This constraint has always been present,  but this warning has only been added since PyTorch 2.4 (function operator())
W0120 03:34:24.226000 1479993 site-packages/torch/distributed/elastic/multiprocessing/api.py:897] Sending process 1480058 closing signal SIGTERM
W0120 03:34:24.227000 1479993 site-packages/torch/distributed/elastic/multiprocessing/api.py:897] Sending process 1480059 closing signal SIGTERM
W0120 03:34:24.227000 1479993 site-packages/torch/distributed/elastic/multiprocessing/api.py:897] Sending process 1480061 closing signal SIGTERM
E0120 03:34:24.542000 1479993 site-packages/torch/distributed/elastic/multiprocessing/api.py:869] failed (exitcode: 1) local_rank: 2 (pid: 1480060) of binary: /home/tpadhi1/miniconda3/envs/llava/bin/python
Traceback (most recent call last):
  File "/home/tpadhi1/miniconda3/envs/llava/bin/torchrun", line 33, in <module>
    sys.exit(load_entry_point('torch==2.5.0', 'console_scripts', 'torchrun')())
  File "/home/tpadhi1/miniconda3/envs/llava/lib/python3.10/site-packages/torch/distributed/elastic/multiprocessing/errors/__init__.py", line 355, in wrapper
    return f(*args, **kwargs)
  File "/home/tpadhi1/miniconda3/envs/llava/lib/python3.10/site-packages/torch/distributed/run.py", line 919, in main
    run(args)
  File "/home/tpadhi1/miniconda3/envs/llava/lib/python3.10/site-packages/torch/distributed/run.py", line 910, in run
    elastic_launch(
  File "/home/tpadhi1/miniconda3/envs/llava/lib/python3.10/site-packages/torch/distributed/launcher/api.py", line 138, in __call__
    return launch_agent(self._config, self._entrypoint, list(args))
  File "/home/tpadhi1/miniconda3/envs/llava/lib/python3.10/site-packages/torch/distributed/launcher/api.py", line 269, in launch_agent
    raise ChildFailedError(
torch.distributed.elastic.multiprocessing.errors.ChildFailedError: 
============================================================
main_grounding_biomedclip_med.py FAILED
------------------------------------------------------------
Failures:
  <NO_OTHER_FAILURES>
------------------------------------------------------------
Root Cause (first observed failure):
[0]:
  time      : 2025-01-20_03:34:24
  host      : gpu-01.insight.gsu.edu
  rank      : 2 (local_rank: 2)
  exitcode  : 1 (pid: 1480060)
  error_file: <N/A>
  traceback : To enable traceback see: https://pytorch.org/docs/stable/elastic/errors.html
============================================================
